---
source: tests/golden.rs
description: "jj diff --summary lines under a working-copy commit. Pencil icon should land in the same column as the change-id's first letter."
expression: visualize(&output)
---
󰋘\e[38;5;240m╶╴\e[39mwqsumo bd67c1 ME 260518·1045 no description
\e[38;5;240m𜸩\e[39m  README.md\e[0m
\e[38;5;240m𜸩\e[39m  config.default.toml\e[0m
\e[38;5;240m𜸩\e[39m  src/config.rs\e[0m
\e[38;5;240m𜸩\e[39m  src/main.rs\e[0m
\e[38;5;240m𜸩\e[39m  src/render.rs\e[0m
\e[38;5;240m𜸩\e[39m  tests/golden.rs\e[0m
\e[38;5;240m𜸩\e[39m  tests/snapshots/golden__plain_text.snap\e[0m
