---
source: tests/golden.rs
description: "jj diff --summary lines under a working-copy commit. Pencil icon should land in the same column as the change-id's first letter."
expression: visualize(&output)
---
󰋘\e[38;5;240m╶╴\e[39mwqsumo bd67c1 ME 260518·1045 no description
\e[38;5;240m𜸩\e[39m   \e[38;5;240mREADME.md\e[39m
\e[38;5;240m𜸩\e[39m   \e[38;5;240mconfig.default.toml\e[39m
\e[38;5;240m𜸩\e[39m   \e[38;5;240msrc/config.rs\e[39m
\e[38;5;240m𜸩\e[39m   \e[38;5;240msrc/main.rs\e[39m
\e[38;5;240m𜸩\e[39m   \e[38;5;240msrc/render.rs\e[39m
\e[38;5;240m𜸩\e[39m   \e[38;5;240mtests/golden.rs\e[39m
\e[38;5;240m𜸩\e[39m   \e[38;5;240mtests/snapshots/golden__plain_text.snap\e[39m
