---
source: tests/golden.rs
description: diff --summary lines under a working-copy commit that sits in a megamerge — the icon must align with the WC change-id column even when other rows in the log have wider graph prefixes.
expression: visualize(&output)
---
@\e[38;5;8m╶──────╴\e[39myumzkk 02d836 ME 260518·1156 aorsetn
\e[38;5;8m𜸩\e[39m          M src/render.rs
\e[38;5;8m𜸩\e[39m          A tests/fixtures/diff_summary_branched.txt
\e[38;5;8m𜸩\e[39m          M tests/golden.rs
\e[38;5;8m𜸩\e[39m          A tests/snapshots/golden__diff_summary_branched.snap
\e[38;5;8m𜸩\e[39m ○\e[38;5;8m╶────╴\e[39mlmnvvt 3e4c4f ME 260518·1110 testo
\e[38;5;8m𜸚\e[39m\e[38;5;8m𜸟\e[39m\e[38;5;8m𜸶\e[39m
○\e[38;5;8m╶\e[39m\e[38;5;8m𜸩\e[39m\e[38;5;8m─────╴\e[39mwomyno 7d38d4 ME 260518·1105 Sync README with current diff --summary handling
\e[38;5;8m𜸨\e[39m\e[38;5;8m𜸟\e[39m\e[38;5;8m𜹃\e[39m
\e[38;5;8m𜸩\e[39m ○\e[38;5;8m╶────╴\e[39mosnnxn 935807 ME 260518·1124 testo
\e[38;5;8m𜸩\e[39m \e[38;5;8m𜸨\e[39m\e[38;5;8m𜸟\e[39m\e[38;5;8m𜸠\e[39m\e[38;5;8m𜸟\e[39m\e[38;5;8m𜸤\e[39m
\e[38;5;8m𜸩\e[39m \e[38;5;8m𜸩\e[39m \e[38;5;8m𜸩\e[39m ○\e[38;5;8m╶╴\e[39mpkmklp 02efec ME 260518·1110 testo
\e[38;5;8m𜸨\e[39m\e[38;5;8m𜸟\e[39m\e[38;5;8m𜸟\e[39m\e[38;5;8m𜸟\e[39m\e[38;5;8m𜸟\e[39m\e[38;5;8m𜹃\e[39m
○\e[38;5;8m╶\e[39m\e[38;5;8m𜸩\e[39m\e[38;5;8m─\e[39m\e[38;5;8m𜸩\e[39m\e[38;5;8m───╴\e[39mstxnsy b1149b ME 260518·1105 Lock in diff --summary alignment with an insta test
\e[38;5;8m𜸩\e[39m \e[38;5;8m𜸩\e[39m ○\e[38;5;8m╶──╴\e[39mrwxork dc84b2 ME 260518·1110 testo
\e[38;5;8m𜸨\e[39m\e[38;5;8m𜸟\e[39m\e[38;5;8m𜸟\e[39m\e[38;5;8m𜸟\e[39m\e[38;5;8m𜹃\e[39m
○\e[38;5;8m╶\e[39m\e[38;5;8m𜸩\e[39m\e[38;5;8m─────╴\e[39mwqsumo 39c0d3 ME 260518·1105 Add status.colorize-path an
