---
source: tests/golden.rs
description: "First batch pre-scan: all 5 lines emit at the batch-wide max target, narrow rows backfilled with dashes."
expression: visualize(&output)
---
○\e[38;5;240m╶──╴\e[39ma
○\e[38;5;240m╶──╴\e[39mb
\e[38;5;240m𜸩\e[39m ○\e[38;5;240m╶╴\e[39mc
\e[38;5;240m𜸩\e[39m ○\e[38;5;240m╶╴\e[39md
\e[38;5;240m𜸩\e[39m ○\e[38;5;240m╶╴\e[39me
