---
source: tests/golden.rs
description: "Two batches; second narrows. Running max sticks at 3, so both batches emit at col=5."
expression: visualize(&output)
---
\e[38;5;240m𜸩\e[39m \e[38;5;245m\e[39m  a
\e[38;5;240m𜸩\e[39m \e[38;5;245m\e[39m  b
\e[38;5;245m\e[39m \e[38;5;8m──\e[39m c
\e[38;5;245m\e[39m \e[38;5;8m──\e[39m d
